// Jest Snapshot v1, https://goo.gl/fbAQLP

exports[`<Main /> should render the heading 1`] = `
.c0 {
  display: flex;
  flex-direction: column;
  align-items: center;
  justify-content: center;
  width: 100%;
  height: 100vh;
  background-color: #f0f0f0;
}

<main
  class="c0"
>
  <h1>
    React Boilerplate
  </h1>
</main>
`;
