// Jest Snapshot v1, https://goo.gl/fbAQLP

exports[`<Main /> should render the heading 1`] = `
<main
  class="sc-Qotzb gJupNV"
>
  <h1>
    React Boilerplate
  </h1>
</main>
`;
